create schema pgmock;
create extension pgmock with schema pgmock;
